// Jest Snapshot v1, https://goo.gl/fbAQLP

exports[`Header.vue renders correctly 1`] = `
<div id="header"><img id="image" src="imageURL">
  <div id="separator"></div> <span id="headerText">Dashboard</span>
</div>
`;
