// Jest Snapshot v1, https://goo.gl/fbAQLP

exports[`LargeLabel.vue renders correctly 1`] = `
<div id="largelabel"><span id="title">title</span>
  <div id="labelValue"><span id="currentValue">15 km/h</span></div>
</div>
`;
